// Jest Snapshot v1, https://goo.gl/fbAQLP

exports[`coblocks/alert should render with content 1`] = `
"<!-- wp:coblocks/alert {\\"title\\":\\"Alert title\\"} -->
<div class=\\"wp-block-coblocks-alert\\"><p class=\\"wp-block-coblocks-alert__title\\">Alert title</p><p class=\\"wp-block-coblocks-alert__text\\">Alert description</p></div>
<!-- /wp:coblocks/alert -->"
`;
